// Jest Snapshot v1, https://goo.gl/fbAQLP

exports[`<Main /> should render the heading 1`] = `
.c0 {
  background-color: #00001b;
  color: #a2c5e5;
  width: 100%;
  height: 100%;
  padding: 3rem;
  text-align: center;
  display: -webkit-box;
  display: -webkit-flex;
  display: -ms-flexbox;
  display: flex;
  -webkit-flex-direction: column;
  -ms-flex-direction: column;
  flex-direction: column;
  -webkit-align-items: center;
  -webkit-box-align: center;
  -ms-flex-align: center;
  align-items: center;
  -webkit-box-pack: center;
  -webkit-justify-content: center;
  -ms-flex-pack: center;
  justify-content: center;
}

.c1 {
  font-size: 2.5rem;
  color: #e53d1e;
}

.c2 {
  font-size: 2rem;
  font-weight: 400;
}

.c3 {
  font-size: 1rem;
  margin-top: 1rem;
}

<main
  class="c0"
>
  <h1
    class="c1"
  >
    Boilerplate do Rafinha
  </h1>
  <h2
    class="c2"
  >
    TypeScript, ReactJS, NextJS e Styled Components
  </h2>
  <p
    class="c3"
  >
    Baseado no do Willian Justen e muito grato pelos seus ensinamentos.
  </p>
</main>
`;
